---
pod:
  affinity:
    podAntiAffinity:
      requiredDuringSchedulingIgnoredDuringExecution:
      - labelSelector:
          matchExpressions:
          - key: "app.kubernetes.io/name"
            operator: "In"
            values:
            - "zookeeper"     
        topologyKey: "kubernetes.io/hostname"
  topologySpreadConstraints:
  - labelSelector:
      matchLabels:
        strimzi.io/name: "test-mk-zookeeper"
    maxSkew: 1
    topologyKey: "topology.kubernetes.io/zone"
    whenUnsatisfiable: "ScheduleAnyway"   