---
pod:
  affinity:
    podAffinity:
      preferredDuringSchedulingIgnoredDuringExecution:
      - podAffinityTerm:
          labelSelector:
            matchExpressions:
            - key: "strimzi.io/name"
              operator: "In"
              values:
              - "test-mk-zookeeper"
          topologyKey: "kubernetes.io/hostname"
        weight: 100