---
pod:
  affinity:
    podAffinity:
      preferredDuringSchedulingIgnoredDuringExecution:
      - podAffinityTerm:
          labelSelector:
            matchExpressions:
            - key: "strimzi.io/name"
              operator: "In"
              values:
              - "test-mk-zookeeper"
          topologyKey: "kubernetes.io/hostname"
        weight: 50
    podAntiAffinity:
      requiredDuringSchedulingIgnoredDuringExecution:
      - labelSelector:
          matchExpressions:
          - key: "app.kubernetes.io/name"
            operator: "In"
            values:
            - "kafka"
        topologyKey: "kubernetes.io/hostname"
  tolerations:
  - effect: "NoExecute"
    key: "org.bf2.operator/kafka-broker"
    operator: "Exists"
  topologySpreadConstraints:
  - labelSelector:
      matchLabels:
        strimzi.io/name: "test-mk-kafka"
    maxSkew: 1
    topologyKey: "topology.kubernetes.io/zone"
    whenUnsatisfiable: "DoNotSchedule"