---
kind: "Kafka"
metadata:
  annotations:
    org.bf2.operator/desired-broker-replicas: "6"
  labels:
    app.kubernetes.io/managed-by: "kas-fleetshard-operator"
    ingressType: "sharded"
    managedkafka.bf2.org/strimziVersion: "strimzi-cluster-operator.v0.23.0-4"
    managedkafka.bf2.org/kas-zone2: "true"
    managedkafka.bf2.org/kas-zone1: "true"
    managedkafka.bf2.org/kas-zone0: "true"
    managedkafka.bf2.org/kas-multi-zone: "true"
  name: "test-mk"
  namespace: "test"
  ownerReferences:
  - apiVersion: "managedkafka.bf2.org/v1alpha1"
    kind: "ManagedKafka"
    name: "test-mk"
spec:
  kafka:
    version: "2.6.0"
    replicas: 6
    listeners:
    - name: "external"
      port: 9094
      type: "ingress"
      tls: true
      authentication:
        clientId: "clientId"
        clientSecret:
          secretName: "test-mk-sso-secret"
          key: "ssoClientSecret"
        validIssuerUri: "https://validIssuerEndpointURI"
        checkIssuer: true
        jwksEndpointUri: "https://jwksEndpointURI"
        userNameClaim: "userNameClaim"
        fallbackUserNameClaim: "fallbackUserNameClaim"
        checkAccessTokenType: true
        accessTokenIsJwt: true
        tlsTrustedCertificates:
        - secretName: "test-mk-sso-cert"
          certificate: "keycloak.crt"
        enablePlain: true
        tokenEndpointUri: "https://tokenEndpointURI"
        enableOauthBearer: true
        type: "oauth"
      configuration:
        bootstrap:
          host: "xxx.yyy.zzz"
          annotations:
            haproxy.router.openshift.io/balance: "leastconn"
        brokers:
        - broker: 0
          host: "broker-0-xxx.yyy.zzz"
        - broker: 1
          host: "broker-1-xxx.yyy.zzz"
        - broker: 2
          host: "broker-2-xxx.yyy.zzz"
        - broker: 3
          host: "broker-3-xxx.yyy.zzz"
        - broker: 4
          host: "broker-4-xxx.yyy.zzz"
        - broker: 5
          host: "broker-5-xxx.yyy.zzz"
        maxConnections: 500
        maxConnectionCreationRate: 50
    - name: "oauth"
      port: 9095
      type: "internal"
      tls: true
      authentication:
        clientId: "clientId"
        clientSecret:
          secretName: "test-mk-sso-secret"
          key: "ssoClientSecret"
        validIssuerUri: "https://validIssuerEndpointURI"
        checkIssuer: true
        jwksEndpointUri: "https://jwksEndpointURI"
        userNameClaim: "userNameClaim"
        fallbackUserNameClaim: "fallbackUserNameClaim"
        checkAccessTokenType: true
        accessTokenIsJwt: true
        tlsTrustedCertificates:
        - secretName: "test-mk-sso-cert"
          certificate: "keycloak.crt"
        enableOauthBearer: true
        type: "oauth"
      networkPolicyPeers:
      - podSelector:
          matchLabels:
            app: "test-mk-admin-server"
    - name: "sre"
      port: 9096
      type: "internal"
      tls: false
    config:
      strimzi.authorization.custom-authorizer.acl.022: "priority=1;permission=deny;principal=canary-123;topic=*;operations=all"
      strimzi.authorization.custom-authorizer.acl.023: "priority=1;permission=deny;principal=canary-123;group=*;operations=all"
      strimzi.authorization.custom-authorizer.acl.024: "priority=1;permission=deny;principal=canary-123;transactional_id=*;operations=all"
      auto.create.topics.enable: "false"
      strimzi.authorization.custom-authorizer.acl.020: "priority=0;permission=allow;principal=canary-123;topic=__redhat_strimzi_canary;operations=create,describe,read,write,alter,alter_configs"
      strimzi.authorization.custom-authorizer.acl.021: "priority=0;permission=allow;principal=canary-123;group=__redhat_strimzi_canary_group;operations=describe,read"
      min.insync.replicas: 2
      create.topic.policy.class.name: "io.bf2.kafka.topic.ManagedKafkaCreateTopicPolicy"
      alter.config.policy.class.name: "io.bf2.kafka.config.ManagedKafkaAlterConfigPolicy"
      client.quota.callback.static.excluded.principal.name.list: "canary-123"
      default.replication.factor: 3
      client.quota.callback.static.fetch: "699050"
      message.max.bytes: 1048588
      transaction.state.log.replication.factor: 3
      log.message.format.version: "2.6"
      connections.max.reauth.ms: 299000
      quota.window.size.seconds: "2"
      strimzi.authorization.custom-authorizer.allowed-listeners: "SRE-9096"
      quota.window.num: "30"
      strimzi.authorization.custom-authorizer.adminclient-listener.port: 9090
      strimzi.authorization.custom-authorizer.acl.logging.suppressionWindow.duration: "PT300S"
      strimzi.authorization.custom-authorizer.adminclient-listener.name: "controlplane-9090"
      client.quota.callback.static.storage.check-interval: "30"
      client.quota.callback.usageMetrics.topic: __redhat_strimzi_volumeUsageMetrics
      client.quota.callback.quotaPolicy.check-interval: "15"
      client.quota.callback.kafka.clientIdPrefix: __redhat_strimzi
      strimzi.authorization.custom-authorizer.acl.001: "default=true;permission=allow;topic=*;operations=describe,describe_configs"
      strimzi.authorization.custom-authorizer.acl.002: "default=true;permission=allow;group=*;operations=describe"
      strimzi.authorization.custom-authorizer.acl.003: "default=true;permission=allow;cluster=*;operations=describe"
      strimzi.authorization.custom-authorizer.acl.008: "priority=1;permission=deny;topic=__consumer_offsets;operations=all"
      max.partitions: 3000
      strimzi.authorization.custom-authorizer.acl.009: "priority=1;permission=deny;topic=__transaction_state;operations=all"
      offsets.topic.replication.factor: 3
      transaction.state.log.min.isr: 2
      strimzi.authorization.custom-authorizer.acl.004: "permission=deny;cluster=*;operations-except=alter,describe,idempotent_write"
      strimzi.authorization.custom-authorizer.adminclient-listener.protocol: "SSL"
      client.quota.callback.static.storage.soft: "10737418240"
      strimzi.authorization.custom-authorizer.acl.005: "permission=deny;cluster=*;operations=alter;apis-except=create_acls,delete_acls"
      strimzi.authorization.custom-authorizer.acl.006: "permission=deny;cluster=*;operations=describe;apis-except=describe_acls"
      strimzi.authorization.custom-authorizer.acl.007: "permission=allow;cluster=*;operations=idempotent_write"
      strimzi.authorization.custom-authorizer.acl.logging.suppressionWindow.apis: "PRODUCE,FETCH"
      inter.broker.protocol.version: "2.6"
      strimzi.authorization.custom-authorizer.partition-counter.private-topic-prefix: "__redhat_"
      client.quota.callback.static.produce: "349525"
      strimzi.authorization.custom-authorizer.acl.011: "priority=1;permission=deny;group=__redhat_*;operations=all"
      strimzi.authorization.custom-authorizer.acl.logging.004: "priority=1;topic=__redhat_*;operations=describe,read,write;level=DEBUG"
      ssl.protocol: "TLS"
      strimzi.authorization.custom-authorizer.acl.012: "priority=1;permission=deny;transactional_id=__redhat_*;operations=all"
      strimzi.authorization.custom-authorizer.acl.logging.003: "topic=*;operations=describe;level=DEBUG"
      client.quota.callback.class: "io.strimzi.kafka.quotas.StaticQuotaCallback"
      strimzi.authorization.custom-authorizer.acl.013: "priority=1;permission=allow;principal=userid-123;cluster=*;operations=describe;apis=describe_acls"
      strimzi.authorization.custom-authorizer.acl.logging.005: "group=*;apis=offset_fetch,offset_commit,heartbeat,describe_groups;level=DEBUG"
      strimzi.authorization.custom-authorizer.acl.014: "priority=1;permission=allow;principal=userid-123;cluster=*;operations=alter;apis=create_acls,delete_acls"
      ssl.enabled.protocols: "TLSv1.3,TLSv1.2"
      strimzi.authorization.custom-authorizer.acl.010: "priority=1;permission=deny;topic=__redhat_*;operations=all"
      strimzi.authorization.custom-authorizer.acl.019: "priority=1;permission=allow;principal=canary-123;cluster=*;operations=alter;apis=alter_partition_reassignments"
      strimzi.authorization.custom-authorizer.partition-counter.timeout-seconds: 10
      strimzi.authorization.custom-authorizer.acl.015: "priority=1;permission=allow;principal=userid-123;topic=*;operations=all"
      strimzi.authorization.custom-authorizer.acl.016: "priority=1;permission=allow;principal=userid-123;group=*;operations=all"
      strimzi.authorization.custom-authorizer.acl.logging.002: "topic=*;apis=list_offsets;level=DEBUG"
      strimzi.authorization.custom-authorizer.acl.017: "priority=1;permission=allow;principal=userid-123;transactional_id=*;operations=all"
      strimzi.authorization.custom-authorizer.acl.logging.001: "cluster=*;apis=fetch,list_groups,describe_configs;level=DEBUG"
      strimzi.authorization.custom-authorizer.acl.018: "priority=1;permission=allow;principal=canary-123;cluster=*;operations=describe;apis=list_partition_reassignments"
      client.quota.callback.static.storage.hard: "10737418240"
      strimzi.authorization.custom-authorizer.partition-counter.schedule-interval-seconds: 15
      strimzi.authorization.custom-authorizer.resource-operations: "{ \"cluster\"\
        : [ \"describe\", \"alter\" ], \"group\": [ \"all\", \"delete\", \"describe\"\
        , \"read\" ], \"topic\": [ \"all\", \"alter\", \"alter_configs\", \"create\"\
        , \"delete\", \"describe\", \"describe_configs\", \"read\", \"write\" ], \"\
        transactional_id\": [ \"all\", \"describe\", \"write\" ] }"
      leader.imbalance.per.broker.percentage: 0
      strimzi.authorization.custom-authorizer.acl.logging.suppressionWindow.eventCount: 5000
      strimzi.authorization.custom-authorizer.partition-limit-enforced: false

      kas.authorizer.acl.001: "default=true;permission=allow;topic=*;operations=describe,describe_configs"
      kas.authorizer.acl.002: "default=true;permission=allow;group=*;operations=describe"
      kas.authorizer.acl.003: "default=true;permission=allow;cluster=*;operations=describe"
      kas.authorizer.acl.004: "permission=deny;cluster=*;operations-except=alter,describe,idempotent_write"
      kas.authorizer.acl.005: "permission=deny;cluster=*;operations=alter;apis-except=create_acls,delete_acls"
      kas.authorizer.acl.006: "permission=deny;cluster=*;operations=describe;apis-except=describe_acls"
      kas.authorizer.acl.007: "permission=allow;cluster=*;operations=idempotent_write"
      kas.authorizer.acl.008: "priority=1;permission=deny;topic=__consumer_offsets;operations=all"
      kas.authorizer.acl.009: "priority=1;permission=deny;topic=__transaction_state;operations=all"
      kas.authorizer.acl.010: "priority=1;permission=deny;topic=__redhat_*;operations=all"
      kas.authorizer.acl.011: "priority=1;permission=deny;group=__redhat_*;operations=all"
      kas.authorizer.acl.012: "priority=1;permission=deny;transactional_id=__redhat_*;operations=all"
      kas.authorizer.acl.013: "priority=1;permission=allow;principal=userid-123;cluster=*;operations=describe;apis=describe_acls"
      kas.authorizer.acl.014: "priority=1;permission=allow;principal=userid-123;cluster=*;operations=alter;apis=create_acls,delete_acls"
      kas.authorizer.acl.015: "priority=1;permission=allow;principal=userid-123;topic=*;operations=all"
      kas.authorizer.acl.016: "priority=1;permission=allow;principal=userid-123;group=*;operations=all"
      kas.authorizer.acl.017: "priority=1;permission=allow;principal=userid-123;transactional_id=*;operations=all"
      kas.authorizer.acl.018: "priority=1;permission=allow;principal=canary-123;cluster=*;operations=describe;apis=list_partition_reassignments"
      kas.authorizer.acl.019: "priority=1;permission=allow;principal=canary-123;cluster=*;operations=alter;apis=alter_partition_reassignments"
      kas.authorizer.acl.020: "priority=0;permission=allow;principal=canary-123;topic=__redhat_strimzi_canary;operations=create,describe,read,write,alter,alter_configs"
      kas.authorizer.acl.021: "priority=0;permission=allow;principal=canary-123;group=__redhat_strimzi_canary_group;operations=describe,read"
      kas.authorizer.acl.022: "priority=1;permission=deny;principal=canary-123;topic=*;operations=all"
      kas.authorizer.acl.023: "priority=1;permission=deny;principal=canary-123;group=*;operations=all"
      kas.authorizer.acl.024: "priority=1;permission=deny;principal=canary-123;transactional_id=*;operations=all"
      kas.authorizer.acl.logging.001: "cluster=*;apis=fetch,list_groups,describe_configs;level=DEBUG"
      kas.authorizer.acl.logging.002: "topic=*;apis=list_offsets;level=DEBUG"
      kas.authorizer.acl.logging.003: "topic=*;operations=describe;level=DEBUG"
      kas.authorizer.acl.logging.004: "priority=1;topic=__redhat_*;operations=describe,read,write;level=DEBUG"
      kas.authorizer.acl.logging.005: "group=*;apis=offset_fetch,offset_commit,heartbeat,describe_groups;level=DEBUG"
      kas.authorizer.acl.logging.suppressionWindow.apis: "PRODUCE,FETCH"
      kas.authorizer.acl.logging.suppressionWindow.duration: "PT300S"
      kas.authorizer.acl.logging.suppressionWindow.eventCount: 5000
      kas.authorizer.allowed-listeners: "SRE-9096"
      kas.authorizer.resource-operations: "{ \"cluster\"\
        : [ \"describe\", \"alter\" ], \"group\": [ \"all\", \"delete\", \"describe\"\
        , \"read\" ], \"topic\": [ \"all\", \"alter\", \"alter_configs\", \"create\"\
        , \"delete\", \"describe\", \"describe_configs\", \"read\", \"write\" ], \"\
        transactional_id\": [ \"all\", \"describe\", \"write\" ] }"
      kas.policy.create-topic.partition-counter.private-topic-prefix: "__redhat_"
      kas.policy.create-topic.partition-counter.schedule-interval-seconds: 15
      kas.policy.create-topic.partition-counter.timeout-seconds: 10
      kas.policy.create-topic.partition-limit-enforced: false
      kas.policy.shared-admin.adminclient-listener.name: "controlplane-9090"
      kas.policy.shared-admin.adminclient-listener.port: 9090
      kas.policy.shared-admin.adminclient-listener.protocol: "SSL"
    storage:
      volumes:
      - type: "persistent-claim"
        size: "22570598379"
        class: "gp2"
        deleteClaim: true
        id: 0
      type: "jbod"
    authorization:
      type: "custom"
      authorizerClass: "io.bf2.kafka.authorizer.CustomAclAuthorizer"
    rack:
      topologyKey: "topology.kubernetes.io/zone"
    jvmOptions:
      javaSystemProperties:
      - name: "com.sun.management.jmxremote.port"
        value: "9999"
      - name: "com.sun.management.jmxremote.rmi.port"
        value: "9999"
      - name: "com.sun.management.jmxremote.host"
        value: "127.0.0.1"
      - name: "java.rmi.server.hostname"
        value: "127.0.0.1"
      "-Xmx": "6442450944"
      "-Xms": "6442450944"
      "-XX":
        foo: "bar"
        foo2: "bar2"
        ExitOnOutOfMemoryError: "true"
    resources:
      limits:
        memory: "2Gi"
        cpu: "4900m"
      requests:
        memory: "2Gi"
        cpu: "4900m"
    metricsConfig:
      type: "jmxPrometheusExporter"
      valueFrom:
        configMapKeyRef:
          key: "jmx-exporter-config"
          name: "test-mk-kafka-metrics"
    logging:
      type: "external"
      valueFrom:
        configMapKeyRef:
          key: "log4j.properties"
          name: "test-mk-kafka-logging"
          optional: false
    template:
      pod:
        tolerations:
        - effect: "NoExecute"
          key: "org.bf2.operator/kafka-broker"
          operator: "Exists"
        topologySpreadConstraints:
        - labelSelector:
            matchExpressions:
            - key: "strimzi.io/name"
              operator: "In"
              values:
              - "test-mk-kafka"
          maxSkew: 1
          topologyKey: "topology.kubernetes.io/zone"
          whenUnsatisfiable: "DoNotSchedule"
  zookeeper:
    replicas: 5
    storage:
      type: "persistent-claim"
      size: "10Gi"
      class: "gp2"
      deleteClaim: true
    jvmOptions:
      "-Xmx": "1G"
      "-Xms": "1G"
      "-XX":
        zkfoo: "zkbar"
        ExitOnOutOfMemoryError: "true"
        zkfoo2: "zkbar2"
    resources:
      limits:
        memory: "11Gi"
        cpu: "1000m"
      requests:
        memory: "11Gi"
        cpu: "1000m"
    metricsConfig:
      type: "jmxPrometheusExporter"
      valueFrom:
        configMapKeyRef:
          key: "jmx-exporter-config"
          name: "test-mk-zookeeper-metrics"
    logging:
      type: "external"
      valueFrom:
        configMapKeyRef:
          key: "log4j.properties"
          name: "test-mk-zookeeper-logging"
          optional: false
    template:
      pod:
        topologySpreadConstraints:
        - labelSelector:
            matchExpressions:
            - key: "strimzi.io/name"
              operator: "In"
              values:
              - "test-mk-zookeeper"
          maxSkew: 1
          topologyKey: "topology.kubernetes.io/zone"
          whenUnsatisfiable: "DoNotSchedule"
  kafkaExporter:
    resources:
      limits:
        memory: "256Mi"
        cpu: "1000m"
      requests:
        memory: "256Mi"
        cpu: "500m"
