auto.create.topics.enable: "false"
min.insync.replicas: 1
create.topic.policy.class.name: "io.bf2.kafka.topic.ManagedKafkaCreateTopicPolicy"
alter.config.policy.class.name: "io.bf2.kafka.config.ManagedKafkaAlterConfigPolicy"
client.quota.callback.static.excluded.principal.name.list: "canary-123"
default.replication.factor: 1
client.quota.callback.static.fetch: "4194304"
message.max.bytes: 1048588
transaction.state.log.replication.factor: 1
log.message.format.version: "2.6"
connections.max.reauth.ms: 299000
quota.window.size.seconds: "2"
quota.window.num: "30"
client.quota.callback.static.storage.check-interval: "30"
client.quota.callback.usageMetrics.topic: __redhat_strimzi_volumeUsageMetrics
client.quota.callback.quotaPolicy.check-interval: "15"
client.quota.callback.kafka.clientIdPrefix: __redhat_strimzi
offsets.topic.replication.factor: 1
transaction.state.log.min.isr: 1
client.quota.callback.static.storage.soft: "64424509440"
inter.broker.protocol.version: "2.6"
client.quota.callback.static.produce: "2097152"
ssl.protocol: "TLS"
client.quota.callback.class: "io.strimzi.kafka.quotas.StaticQuotaCallback"
ssl.enabled.protocols: "TLSv1.3,TLSv1.2"
client.quota.callback.static.storage.hard: "64424509440"
leader.imbalance.per.broker.percentage: 0

kas.authorizer.acl.001: "default=true;permission=allow;topic=*;operations=describe,describe_configs"
kas.authorizer.acl.002: "default=true;permission=allow;group=*;operations=describe"
kas.authorizer.acl.003: "default=true;permission=allow;cluster=*;operations=describe"
kas.authorizer.acl.004: "permission=deny;cluster=*;operations-except=alter,describe,idempotent_write"
kas.authorizer.acl.005: "permission=deny;cluster=*;operations=alter;apis-except=create_acls,delete_acls"
kas.authorizer.acl.006: "permission=deny;cluster=*;operations=describe;apis-except=describe_acls"
kas.authorizer.acl.007: "permission=allow;cluster=*;operations=idempotent_write"
kas.authorizer.acl.008: "priority=1;permission=deny;topic=__consumer_offsets;operations=all"
kas.authorizer.acl.009: "priority=1;permission=deny;topic=__transaction_state;operations=all"
kas.authorizer.acl.010: "priority=1;permission=deny;topic=__redhat_*;operations=all"
kas.authorizer.acl.011: "priority=1;permission=deny;group=__redhat_*;operations=all"
kas.authorizer.acl.012: "priority=1;permission=deny;transactional_id=__redhat_*;operations=all"
kas.authorizer.acl.013: "priority=1;permission=allow;principal=userid-123;cluster=*;operations=describe;apis=describe_acls"
kas.authorizer.acl.014: "priority=1;permission=allow;principal=userid-123;cluster=*;operations=alter;apis=create_acls,delete_acls"
kas.authorizer.acl.015: "priority=1;permission=allow;principal=userid-123;topic=*;operations=all"
kas.authorizer.acl.016: "priority=1;permission=allow;principal=userid-123;group=*;operations=all"
kas.authorizer.acl.017: "priority=1;permission=allow;principal=userid-123;transactional_id=*;operations=all"
kas.authorizer.acl.018: "priority=1;permission=allow;principal=canary-123;cluster=*;operations=describe;apis=list_partition_reassignments"
kas.authorizer.acl.019: "priority=1;permission=allow;principal=canary-123;cluster=*;operations=alter;apis=alter_partition_reassignments"
kas.authorizer.acl.020: "priority=0;permission=allow;principal=canary-123;topic=__redhat_strimzi_canary;operations=create,describe,read,write,alter,alter_configs"
kas.authorizer.acl.021: "priority=0;permission=allow;principal=canary-123;group=__redhat_strimzi_canary_group;operations=describe,read"
kas.authorizer.acl.022: "priority=1;permission=deny;principal=canary-123;topic=*;operations=all"
kas.authorizer.acl.023: "priority=1;permission=deny;principal=canary-123;group=*;operations=all"
kas.authorizer.acl.024: "priority=1;permission=deny;principal=canary-123;transactional_id=*;operations=all"
kas.authorizer.acl.logging.001: "cluster=*;apis=fetch,list_groups,describe_configs;level=DEBUG"
kas.authorizer.acl.logging.002: "topic=*;apis=list_offsets;level=DEBUG"
kas.authorizer.acl.logging.003: "topic=*;operations=describe;level=DEBUG"
kas.authorizer.acl.logging.004: "priority=1;topic=__redhat_*;operations=describe,read,write;level=DEBUG"
kas.authorizer.acl.logging.005: "group=*;apis=offset_fetch,offset_commit,heartbeat,describe_groups;level=DEBUG"
kas.authorizer.acl.logging.suppressionWindow.apis: "PRODUCE,FETCH"
kas.authorizer.acl.logging.suppressionWindow.duration: "PT300S"
kas.authorizer.acl.logging.suppressionWindow.eventCount: 5000
kas.authorizer.allowed-listeners: "SRE-9096"
kas.authorizer.resource-operations: "{ \"cluster\": [ \"\
  describe\", \"alter\" ], \"group\": [ \"all\", \"delete\", \"describe\", \"read\"\
  \ ], \"topic\": [ \"all\", \"alter\", \"alter_configs\", \"create\", \"delete\"\
  , \"describe\", \"describe_configs\", \"read\", \"write\" ], \"transactional_id\"\
  : [ \"all\", \"describe\", \"write\" ] }"
kas.policy.create-topic.partition-counter.private-topic-prefix: __redhat_
kas.policy.create-topic.partition-counter.schedule-interval-seconds: 15
kas.policy.create-topic.partition-counter.timeout-seconds: 10
kas.policy.create-topic.partition-limit-enforced: true
kas.policy.shared-admin.adminclient-listener.name: controlplane-9090
kas.policy.shared-admin.adminclient-listener.port: 9090
kas.policy.shared-admin.adminclient-listener.protocol: SSL
kas.policy.topic-config.topic-config-policy-enforced: false

